<?xml version="1.0" encoding="UTF-8"?>
<testsuites>
  <testsuite name="Default" tests="20" assertions="76" failures="0" errors="0" time="0.455517">
    <testsuite name="FranceMediasMonde\BehatCucumberJsonFormatter\Tests\Formatter\FormatterTest" file="/media/docker-compose-dev/sources/behat-cucumber-json-formatter/tests/Formatter/FormatterTest.php" tests="6" assertions="12" failures="0" errors="0" time="0.073939">
      <testcase name="onAfterUndefinedStepTested" class="FranceMediasMonde\BehatCucumberJsonFormatter\Tests\Formatter\FormatterTest" file="/media/docker-compose-dev/sources/behat-cucumber-json-formatter/tests/Formatter/FormatterTest.php" line="60" assertions="2" time="0.030066"/>
      <testcase name="onAfterSkippedStepTested" class="FranceMediasMonde\BehatCucumberJsonFormatter\Tests\Formatter\FormatterTest" file="/media/docker-compose-dev/sources/behat-cucumber-json-formatter/tests/Formatter/FormatterTest.php" line="78" assertions="2" time="0.008079"/>
      <testcase name="onAfterFailedStepTested" class="FranceMediasMonde\BehatCucumberJsonFormatter\Tests\Formatter\FormatterTest" file="/media/docker-compose-dev/sources/behat-cucumber-json-formatter/tests/Formatter/FormatterTest.php" line="96" assertions="2" time="0.011755"/>
      <testcase name="onAfterPassedStepTested" class="FranceMediasMonde\BehatCucumberJsonFormatter\Tests\Formatter\FormatterTest" file="/media/docker-compose-dev/sources/behat-cucumber-json-formatter/tests/Formatter/FormatterTest.php" line="114" assertions="2" time="0.007928"/>
      <testcase name="onAfterExerciseTested" class="FranceMediasMonde\BehatCucumberJsonFormatter\Tests\Formatter\FormatterTest" file="/media/docker-compose-dev/sources/behat-cucumber-json-formatter/tests/Formatter/FormatterTest.php" line="132" assertions="2" time="0.007916"/>
      <testcase name="onAfterSuiteTested" class="FranceMediasMonde\BehatCucumberJsonFormatter\Tests\Formatter\FormatterTest" file="/media/docker-compose-dev/sources/behat-cucumber-json-formatter/tests/Formatter/FormatterTest.php" line="150" assertions="2" time="0.008195"/>
    </testsuite>
    <testsuite name="FranceMediasMonde\BehatCucumberJsonFormatter\Tests\Node\FeatureTest" file="/media/docker-compose-dev/sources/behat-cucumber-json-formatter/tests/Node/FeatureTest.php" tests="2" assertions="2" failures="0" errors="0" time="0.002229">
      <testcase name="getId" class="FranceMediasMonde\BehatCucumberJsonFormatter\Tests\Node\FeatureTest" file="/media/docker-compose-dev/sources/behat-cucumber-json-formatter/tests/Node/FeatureTest.php" line="13" assertions="1" time="0.001335"/>
      <testcase name="getUri" class="FranceMediasMonde\BehatCucumberJsonFormatter\Tests\Node\FeatureTest" file="/media/docker-compose-dev/sources/behat-cucumber-json-formatter/tests/Node/FeatureTest.php" line="27" assertions="1" time="0.000894"/>
    </testsuite>
    <testsuite name="FranceMediasMonde\BehatCucumberJsonFormatter\Tests\Node\ScenarioTest" file="/media/docker-compose-dev/sources/behat-cucumber-json-formatter/tests/Node/ScenarioTest.php" tests="1" assertions="1" failures="0" errors="0" time="0.012151">
      <testcase name="getId" class="FranceMediasMonde\BehatCucumberJsonFormatter\Tests\Node\ScenarioTest" file="/media/docker-compose-dev/sources/behat-cucumber-json-formatter/tests/Node/ScenarioTest.php" line="17" assertions="1" time="0.012151"/>
    </testsuite>
    <testsuite name="FranceMediasMonde\BehatCucumberJsonFormatter\Tests\Node\StepTest" file="/media/docker-compose-dev/sources/behat-cucumber-json-formatter/tests/Node/StepTest.php" tests="2" assertions="11" failures="0" errors="0" time="0.005694">
      <testcase name="getProcessedResultReturnsPassedStructure" class="FranceMediasMonde\BehatCucumberJsonFormatter\Tests\Node\StepTest" file="/media/docker-compose-dev/sources/behat-cucumber-json-formatter/tests/Node/StepTest.php" line="13" assertions="6" time="0.003849"/>
      <testcase name="getProcessedResultReturnsFailedStructure" class="FranceMediasMonde\BehatCucumberJsonFormatter\Tests\Node\StepTest" file="/media/docker-compose-dev/sources/behat-cucumber-json-formatter/tests/Node/StepTest.php" line="35" assertions="5" time="0.001845"/>
    </testsuite>
    <testsuite name="FranceMediasMonde\BehatCucumberJsonFormatter\Tests\Printer\FileOutputPrinterTest" file="/media/docker-compose-dev/sources/behat-cucumber-json-formatter/tests/Printer/FileOutputPrinterTest.php" tests="6" assertions="7" failures="0" errors="0" time="0.021555">
      <testcase name="setOutputPathExisted" class="FranceMediasMonde\BehatCucumberJsonFormatter\Tests\Printer\FileOutputPrinterTest" file="/media/docker-compose-dev/sources/behat-cucumber-json-formatter/tests/Printer/FileOutputPrinterTest.php" line="25" assertions="1" time="0.004102"/>
      <testcase name="setOutputPathNotExisted" class="FranceMediasMonde\BehatCucumberJsonFormatter\Tests\Printer\FileOutputPrinterTest" file="/media/docker-compose-dev/sources/behat-cucumber-json-formatter/tests/Printer/FileOutputPrinterTest.php" line="37" assertions="2" time="0.002390"/>
      <testcase name="setOutputPathShouldRaiseExceptionIfPathCanNotBeCreated" class="FranceMediasMonde\BehatCucumberJsonFormatter\Tests\Printer\FileOutputPrinterTest" file="/media/docker-compose-dev/sources/behat-cucumber-json-formatter/tests/Printer/FileOutputPrinterTest.php" line="52" assertions="1" time="0.003688"/>
      <testcase name="setOutputPathShouldRaiseExceptionIfPathIsNotADirectory" class="FranceMediasMonde\BehatCucumberJsonFormatter\Tests\Printer\FileOutputPrinterTest" file="/media/docker-compose-dev/sources/behat-cucumber-json-formatter/tests/Printer/FileOutputPrinterTest.php" line="66" assertions="1" time="0.003159"/>
      <testcase name="write" class="FranceMediasMonde\BehatCucumberJsonFormatter\Tests\Printer\FileOutputPrinterTest" file="/media/docker-compose-dev/sources/behat-cucumber-json-formatter/tests/Printer/FileOutputPrinterTest.php" line="78" assertions="1" time="0.004741"/>
      <testcase name="writeln" class="FranceMediasMonde\BehatCucumberJsonFormatter\Tests\Printer\FileOutputPrinterTest" file="/media/docker-compose-dev/sources/behat-cucumber-json-formatter/tests/Printer/FileOutputPrinterTest.php" line="94" assertions="1" time="0.003475"/>
    </testsuite>
    <testsuite name="FranceMediasMonde\BehatCucumberJsonFormatter\Tests\Renderer\JsonRendererTest" file="/media/docker-compose-dev/sources/behat-cucumber-json-formatter/tests/Renderer/JsonRendererTest.php" tests="3" assertions="43" failures="0" errors="0" time="0.339949">
      <testcase name="renderShouldNotFailsIfWeGaveEmptyScenariosList" class="FranceMediasMonde\BehatCucumberJsonFormatter\Tests\Renderer\JsonRendererTest" file="/media/docker-compose-dev/sources/behat-cucumber-json-formatter/tests/Renderer/JsonRendererTest.php" line="69" assertions="0" time="0.053563"/>
      <testcase name="renderShouldGenerateValidStructure" class="FranceMediasMonde\BehatCucumberJsonFormatter\Tests\Renderer\JsonRendererTest" file="/media/docker-compose-dev/sources/behat-cucumber-json-formatter/tests/Renderer/JsonRendererTest.php" line="86" assertions="42" time="0.152969"/>
      <testcase name="getResultShouldReturnValidJsonString" class="FranceMediasMonde\BehatCucumberJsonFormatter\Tests\Renderer\JsonRendererTest" file="/media/docker-compose-dev/sources/behat-cucumber-json-formatter/tests/Renderer/JsonRendererTest.php" line="143" assertions="1" time="0.133417"/>
    </testsuite>
  </testsuite>
</testsuites>
